<testsuites id="" name="" tests="3" failures="1" skipped="0" errors="0" time="156.63231999999996">
<testsuite name="auth/auth.setup.ts" timestamp="2024-03-05T09:41:46.403Z" hostname="authenticationSetup" tests="2" failures="0" skipped="0" time="109.41" errors="0">
<testcase name="authenticate as admin" classname="auth/auth.setup.ts" time="53.582">
</testcase>
<testcase name="authenticate as user_1" classname="auth/auth.setup.ts" time="55.828">
</testcase>
</testsuite>
<testsuite name="hilo-game.spec.ts" timestamp="2024-03-05T09:41:46.403Z" hostname="chromium" tests="1" failures="1" skipped="0" time="41.773" errors="0">
<testcase name="Hilo tests › [QA-129] Place a single bet on Hilo and try to win @smoke" classname="hilo-game.spec.ts" time="41.773">
<properties>
<property name="test_key" value="QA-129">
</property>
</properties>
<failure message="hilo-game.spec.ts:14:6 [QA-129] Place a single bet on Hilo and try to win @smoke" type="FAILURE">
<![CDATA[  [chromium] › hilo-game.spec.ts:14:6 › Hilo tests › [QA-129] Place a single bet on Hilo and try to win @smoke 

    Error: Timed out 30000ms waiting for expect(locator).not.toBeEmpty()

    Locator: locator('#site_content').locator('div[class^=\'gui-styled__Container-\']').locator('div[class^=\'gui-styled__CenterColumn-\']').locator('div[class*=\'Status-\']')
    Expected: not empty
    Received: empty
    Call log:
      - expect.not.toBeEmpty with timeout 30000ms
      - waiting for locator('#site_content').locator('div[class^=\'gui-styled__Container-\']').locator('div[class^=\'gui-styled__CenterColumn-\']').locator('div[class*=\'Status-\']')


       at ../pages/hilo-game-page/hilo-game-page-asserter.ts:16

      14 |         resultMessage: HiloGameStatusMessage,
      15 |     ): Promise<void> {
    > 16 |         await expect(this.gamdomPage.map.gameStatusLocator).not.toBeEmpty({
         |                                                                 ^
      17 |             timeout: Timeout.LONG,
      18 |         });
      19 |

        at HiloGamePageAsserter.gameMessageIs (/Users/mariuscirstean/workspace/e2e-gmd/e2e/pages/hilo-game-page/hilo-game-page-asserter.ts:16:65)
        at /Users/mariuscirstean/workspace/e2e-gmd/e2e/tests/hilo-game.spec.ts:28:5

    attachment #1: screenshot (image/png) ──────────────────────────────────────────────────────────
    test-results/hilo-game-Hilo-tests-QA-129-Place-a-single-bet-on-Hilo-and-try-to-win-smoke-chromium/test-failed-1.png
    ────────────────────────────────────────────────────────────────────────────────────────────────

    attachment #2: video (video/webm) ──────────────────────────────────────────────────────────────
    test-results/hilo-game-Hilo-tests-QA-129-Place-a-single-bet-on-Hilo-and-try-to-win-smoke-chromium/video.webm
    ────────────────────────────────────────────────────────────────────────────────────────────────
]]>
</failure>
<system-out>
<![CDATA[
[[ATTACHMENT|test-results/hilo-game-Hilo-tests-QA-129-Place-a-single-bet-on-Hilo-and-try-to-win-smoke-chromium/test-failed-1.png]]

[[ATTACHMENT|test-results/hilo-game-Hilo-tests-QA-129-Place-a-single-bet-on-Hilo-and-try-to-win-smoke-chromium/video.webm]]
]]>
</system-out>
</testcase>
</testsuite>
</testsuites>